// Jest Snapshot v1, https://goo.gl/fbAQLP

exports[`ButtonLink renders matching snapshot 1`] = `
<Link
  href="/"
>
  <a
    className="inline-block bg-white hover:bg-grey-light text-black hover:text-white rounded hover:no-underline py-2 px-4"
  >
    Content
  </a>
</Link>
`;
